[16mag2026 14:28:56.746] [main/INFO] [cpw.mods.modlauncher.Launcher/MODLAUNCHER]: ModLauncher running: args [--launchTarget, neoforgeclientdev, --version, 21.4.33-beta, --assetIndex, 19, --assetsDir, C:\\Users\\pesin\\.gradle\\caches\\neoformruntime\\assets, --gameDir, ., --fml.fmlVersion, 6.0.4, --fml.mcVersion, 1.21.4, --fml.neoForgeVersion, 21.4.33-beta, --fml.neoFormVersion, 20241203.161809]
[16mag2026 14:28:56.749] [main/INFO] [cpw.mods.modlauncher.Launcher/MODLAUNCHER]: JVM identified as Oracle Corporation Java HotSpot(TM) 64-Bit Server VM 21.0.1+12-LTS-29
[16mag2026 14:28:56.750] [main/INFO] [cpw.mods.modlauncher.Launcher/MODLAUNCHER]: ModLauncher 11.0.4+main.d2e20e43 starting: java version 21.0.1 by Oracle Corporation; OS Windows 11 arch amd64 version 10.0
[16mag2026 14:28:56.832] [main/WARN] [net.neoforged.fml.loading.FMLConfig/CORE]: Configuration file C:\Users\pesin\Documents\Java\Projects\Bed_Benefits\neoforge\run\config\fml.toml is not correct. Correcting
[16mag2026 14:28:56.886] [main/INFO] [net.neoforged.fml.loading.ImmediateWindowHandler/]: Loading ImmediateWindowProvider fmlearlywindow
[16mag2026 14:28:57.068] [main/INFO] [EARLYDISPLAY/]: Trying GL version 4.6
[16mag2026 14:28:57.167] [main/INFO] [EARLYDISPLAY/]: Requested GL version 4.6 got version 4.6
[16mag2026 14:28:57.317] [main/INFO] [mixin/]: SpongePowered MIXIN Subsystem Version=0.8.7 Source=union:/C:/Users/pesin/.gradle/caches/modules-2/files-2.1/net.fabricmc/sponge-mixin/0.15.2+mixin.0.8.7/2af2f021d8e02a0220dc27a7a72b4666d66d44ca/sponge-mixin-0.15.2+mixin.0.8.7.jar%23162!/ Service=ModLauncher Env=CLIENT
[16mag2026 14:28:57.325] [main/WARN] [net.neoforged.fml.loading.FMLConfig/CORE]: Configuration file C:\Users\pesin\Documents\Java\Projects\Bed_Benefits\neoforge\run\config\fml.toml is not correct. Correcting
[16mag2026 14:28:57.482] [pool-2-thread-1/INFO] [EARLYDISPLAY/]: GL info: Intel(R) Iris(R) Xe Graphics GL version 4.6.0 - Build 30.0.101.2079, Intel
[16mag2026 14:28:57.672] [main/INFO] [net.neoforged.fml.loading.moddiscovery.locators.JarInJarDependencyLocator/]: Found 2 dependencies adding them to mods collection
[16mag2026 14:28:57.674] [main/INFO] [net.neoforged.fml.loading.moddiscovery.ModDiscoverer/]: 
     Mod List:
		Name Version (Mod Id)

		Bed Benefits 1.0.0 (bed_benefits)
		Minecraft 1.21.4 (minecraft)
		NeoForge 21.4.33-beta (neoforge)
[16mag2026 14:28:58.690] [main/INFO] [cpw.mods.modlauncher.LaunchServiceHandler/MODLAUNCHER]: Launching target 'neoforgeclientdev' with arguments [--version, 21.4.33-beta, --gameDir, ., --assetsDir, C:\Users\pesin\.gradle\caches\neoformruntime\assets, --assetIndex, 19]
[16mag2026 14:29:01.567] [Datafixer Bootstrap/INFO] [com.mojang.datafixers.DataFixerBuilder/]: 246 Datafixer optimizations took 525 milliseconds
[16mag2026 14:29:01.857] [pool-7-thread-1/INFO] [MixinExtras|Service/]: Initializing MixinExtras via com.llamalad7.mixinextras.service.MixinExtrasServiceImpl(version=0.4.1).
[16mag2026 14:29:06.634] [main/WARN] [net.minecraft.commands.Commands/]: Ambiguity between arguments [teleport, location] and [teleport, destination] with inputs: [0.1 -0.5 .9, 0 0 0]
[16mag2026 14:29:06.635] [main/WARN] [net.minecraft.commands.Commands/]: Ambiguity between arguments [teleport, location] and [teleport, targets] with inputs: [0.1 -0.5 .9, 0 0 0]
[16mag2026 14:29:06.638] [main/WARN] [net.minecraft.commands.Commands/]: Ambiguity between arguments [teleport, destination] and [teleport, targets] with inputs: [Player, 0123, @e, dd12be42-52a9-4a91-a8a1-11c01849e498]
[16mag2026 14:29:06.639] [main/WARN] [net.minecraft.commands.Commands/]: Ambiguity between arguments [teleport, targets] and [teleport, destination] with inputs: [Player, 0123, dd12be42-52a9-4a91-a8a1-11c01849e498]
[16mag2026 14:29:06.641] [main/WARN] [net.minecraft.commands.Commands/]: Ambiguity between arguments [teleport, targets, location] and [teleport, targets, destination] with inputs: [0.1 -0.5 .9, 0 0 0]
[16mag2026 14:29:06.780] [Render thread/WARN] [net.minecraft.server.packs.VanillaPackResourcesBuilder/]: Assets URL 'union:/C:/Users/pesin/Documents/Java/Projects/Bed_Benefits/neoforge/build/moddev/artifacts/neoforge-21.4.33-beta-minecraft.jar%23215!/assets/.mcassetsroot' uses unexpected schema
[16mag2026 14:29:06.780] [Render thread/WARN] [net.minecraft.server.packs.VanillaPackResourcesBuilder/]: Assets URL 'union:/C:/Users/pesin/Documents/Java/Projects/Bed_Benefits/neoforge/build/moddev/artifacts/neoforge-21.4.33-beta-minecraft.jar%23215!/data/.mcassetsroot' uses unexpected schema
[16mag2026 14:29:06.829] [Render thread/INFO] [com.mojang.authlib.yggdrasil.YggdrasilAuthenticationService/]: Environment: Environment[sessionHost=https://sessionserver.mojang.com, servicesHost=https://api.minecraftservices.com, name=PROD]
[16mag2026 14:29:06.839] [Render thread/INFO] [net.minecraft.client.Minecraft/]: Setting user: Dev
[16mag2026 14:29:06.915] [Render thread/INFO] [net.minecraft.client.Minecraft/]: Backend library: LWJGL version 3.3.3+5
[16mag2026 14:29:07.139] [modloading-worker-0/INFO] [Bed Benefits/]: Loaded config file.
[16mag2026 14:29:07.141] [modloading-worker-0/INFO] [Bed Benefits/]: Saved config file.
[16mag2026 14:29:07.143] [modloading-worker-0/INFO] [net.neoforged.neoforge.common.NeoForgeMod/NEOFORGE-MOD]: NeoForge mod loading, version 21.4.33-beta, for MC 1.21.4
[16mag2026 14:29:07.474] [modloading-sync-worker/WARN] [net.neoforged.fml.config.ConfigTracker/CONFIG]: Configuration file C:\Users\pesin\Documents\Java\Projects\Bed_Benefits\neoforge\run\config\neoforge-client.toml is not correct. Correcting
[16mag2026 14:29:07.496] [modloading-sync-worker/WARN] [net.neoforged.fml.config.ConfigTracker/CONFIG]: Configuration file C:\Users\pesin\Documents\Java\Projects\Bed_Benefits\neoforge\run\config\neoforge-common.toml is not correct. Correcting
[16mag2026 14:29:07.945] [Render thread/INFO] [net.neoforged.neoforge.gametest.GameTestHooks/]: Enabled Gametest Namespaces: [bed_benefits]
[16mag2026 14:29:08.108] [Render thread/INFO] [net.minecraft.server.packs.resources.ReloadableResourceManager/]: Reloading ResourceManager: vanilla, mod_resources, mod/bed_benefits, mod/neoforge
[16mag2026 14:29:08.286] [resourceLoad/INFO] [net.minecraft.client.gui.font.providers.UnihexProvider/]: Found unifont_all_no_pua-16.0.01.hex, loading
[16mag2026 14:29:08.286] [resourceLoad/INFO] [net.minecraft.client.gui.font.providers.UnihexProvider/]: Found unifont_jp_patch-16.0.01.hex, loading
[16mag2026 14:29:11.422] [Render thread/INFO] [com.mojang.blaze3d.audio.Library/]: OpenAL initialized on device OpenAL Soft on Altoparlanti (Realtek(R) Audio)
[16mag2026 14:29:11.424] [Render thread/INFO] [net.minecraft.client.sounds.SoundEngine/SOUNDS]: Sound engine started
[16mag2026 14:29:11.493] [Render thread/INFO] [net.minecraft.client.renderer.texture.TextureAtlas/]: Created: 1024x512x4 minecraft:textures/atlas/blocks.png-atlas
[16mag2026 14:29:12.169] [Render thread/INFO] [net.minecraft.client.renderer.texture.TextureAtlas/]: Created: 256x256x4 minecraft:textures/atlas/signs.png-atlas
[16mag2026 14:29:12.202] [Render thread/INFO] [net.minecraft.client.renderer.texture.TextureAtlas/]: Created: 512x512x4 minecraft:textures/atlas/shield_patterns.png-atlas
[16mag2026 14:29:12.279] [Render thread/INFO] [net.minecraft.client.renderer.texture.TextureAtlas/]: Created: 512x512x4 minecraft:textures/atlas/banner_patterns.png-atlas
[16mag2026 14:29:12.383] [Render thread/INFO] [net.minecraft.client.renderer.texture.TextureAtlas/]: Created: 2048x1024x4 minecraft:textures/atlas/armor_trims.png-atlas
[16mag2026 14:29:13.284] [Render thread/INFO] [net.minecraft.client.renderer.texture.TextureAtlas/]: Created: 256x256x4 minecraft:textures/atlas/chest.png-atlas
[16mag2026 14:29:13.286] [Render thread/INFO] [net.minecraft.client.renderer.texture.TextureAtlas/]: Created: 128x64x4 minecraft:textures/atlas/decorated_pot.png-atlas
[16mag2026 14:29:13.291] [Render thread/INFO] [net.minecraft.client.renderer.texture.TextureAtlas/]: Created: 512x256x4 minecraft:textures/atlas/shulker_boxes.png-atlas
[16mag2026 14:29:13.295] [Render thread/INFO] [net.minecraft.client.renderer.texture.TextureAtlas/]: Created: 512x256x4 minecraft:textures/atlas/beds.png-atlas
[16mag2026 14:29:13.299] [Render thread/INFO] [net.minecraft.client.renderer.texture.TextureAtlas/]: Created: 64x64x0 minecraft:textures/atlas/map_decorations.png-atlas
[16mag2026 14:29:13.436] [Render thread/INFO] [net.minecraft.client.renderer.texture.TextureAtlas/]: Created: 512x256x0 minecraft:textures/atlas/particles.png-atlas
[16mag2026 14:29:13.445] [Render thread/INFO] [net.minecraft.client.renderer.texture.TextureAtlas/]: Created: 512x256x0 minecraft:textures/atlas/paintings.png-atlas
[16mag2026 14:29:13.447] [Render thread/INFO] [net.minecraft.client.renderer.texture.TextureAtlas/]: Created: 256x128x0 minecraft:textures/atlas/mob_effects.png-atlas
[16mag2026 14:29:13.448] [Render thread/INFO] [net.minecraft.client.renderer.texture.TextureAtlas/]: Created: 1024x512x0 minecraft:textures/atlas/gui.png-atlas
[16mag2026 14:29:13.462] [Render thread/INFO] [net.neoforged.neoforge.client.entity.animation.json.AnimationLoader/]: Loaded 0 entity animations
[16mag2026 14:29:25.933] [Render thread/INFO] [net.minecraft.world.item.crafting.RecipeManager/]: Loaded 1370 recipes
[16mag2026 14:29:25.945] [Render thread/INFO] [net.minecraft.advancements.AdvancementTree/]: Loaded 1481 advancements
[16mag2026 14:29:26.102] [Server thread/INFO] [net.minecraft.client.server.IntegratedServer/]: Starting integrated minecraft server version 1.21.4
[16mag2026 14:29:26.103] [Server thread/INFO] [net.minecraft.server.MinecraftServer/]: Generating keypair
[16mag2026 14:29:26.545] [Server thread/INFO] [net.minecraft.server.MinecraftServer/]: Preparing start region for dimension minecraft:overworld
[16mag2026 14:29:27.386] [progressListener/INFO] [net.minecraft.server.level.progress.LoggerChunkProgressListener/]: Preparing spawn area: 0%
[16mag2026 14:29:27.386] [progressListener/INFO] [net.minecraft.server.level.progress.LoggerChunkProgressListener/]: Preparing spawn area: 0%
[16mag2026 14:29:27.767] [progressListener/INFO] [net.minecraft.server.level.progress.LoggerChunkProgressListener/]: Time elapsed: 1208 ms
[16mag2026 14:29:27.768] [Server thread/INFO] [net.neoforged.neoforge.server.permission.PermissionAPI/]: Successfully initialized permission handler neoforge:default_handler
[16mag2026 14:29:27.982] [Server thread/INFO] [net.minecraft.client.server.IntegratedServer/]: Changing view distance to 12, from 10
[16mag2026 14:29:27.994] [Server thread/INFO] [net.minecraft.client.server.IntegratedServer/]: Changing simulation distance to 12, from 0
[16mag2026 14:29:29.182] [Server thread/INFO] [net.minecraft.server.players.PlayerList/]: Dev[local:E:8f312ed4] logged in with entity id 89 at (-113.5, 63.0, -63.5)
[16mag2026 14:29:29.249] [Server thread/INFO] [net.minecraft.server.MinecraftServer/]: Dev joined the game
[16mag2026 14:29:29.423] [Render thread/INFO] [net.minecraft.advancements.AdvancementTree/]: Loaded 27 advancements
[16mag2026 14:29:36.356] [Server thread/INFO] [net.minecraft.server.MinecraftServer/]: [Dev: Set the time to 13000]
[16mag2026 14:29:36.361] [Render thread/INFO] [net.minecraft.client.gui.components.ChatComponent/]: [System] [CHAT] Set the time to 13000
[16mag2026 14:29:36.866] [Render thread/INFO] [net.minecraft.client.gui.components.ChatComponent/]: [System] [CHAT] Respawn point set
[16mag2026 14:29:46.833] [Server thread/INFO] [net.minecraft.server.MinecraftServer/]: [Dev: Applied 10.0 damage to Dev]
[16mag2026 14:29:46.836] [Render thread/INFO] [net.minecraft.client.gui.components.ChatComponent/]: [System] [CHAT] Applied 10.0 damage to Dev
[16mag2026 14:29:56.671] [Server thread/INFO] [net.minecraft.server.MinecraftServer/]: [Dev: Applied effect Hunger to Dev]
[16mag2026 14:29:56.680] [Render thread/INFO] [net.minecraft.client.gui.components.ChatComponent/]: [System] [CHAT] Applied effect Hunger to Dev
[16mag2026 14:29:59.536] [Server thread/INFO] [net.minecraft.server.MinecraftServer/]: [Dev: Set the time to 13000]
[16mag2026 14:29:59.538] [Render thread/INFO] [net.minecraft.client.gui.components.ChatComponent/]: [System] [CHAT] Set the time to 13000
[16mag2026 14:30:07.722] [Server thread/INFO] [net.minecraft.client.server.IntegratedServer/]: Saving and pausing game...
[16mag2026 14:30:07.742] [Server thread/INFO] [net.minecraft.server.MinecraftServer/]: Saving chunks for level 'ServerLevel[New World]'/minecraft:overworld
[16mag2026 14:30:07.761] [Server thread/INFO] [net.minecraft.server.MinecraftServer/]: Saving chunks for level 'ServerLevel[New World]'/minecraft:the_end
[16mag2026 14:30:07.762] [Server thread/INFO] [net.minecraft.server.MinecraftServer/]: Saving chunks for level 'ServerLevel[New World]'/minecraft:the_nether
[16mag2026 14:30:10.732] [Server thread/INFO] [net.minecraft.server.network.ServerGamePacketListenerImpl/]: Dev lost connection: Disconnected
[16mag2026 14:30:10.732] [Server thread/INFO] [net.minecraft.server.MinecraftServer/]: Dev left the game
[16mag2026 14:30:10.749] [Server thread/INFO] [net.minecraft.server.network.ServerCommonPacketListenerImpl/]: Stopping singleplayer server as player logged out
[16mag2026 14:30:10.794] [Server thread/INFO] [net.minecraft.server.MinecraftServer/]: Stopping server
[16mag2026 14:30:10.794] [Server thread/INFO] [net.minecraft.server.MinecraftServer/]: Saving players
[16mag2026 14:30:10.794] [Server thread/INFO] [net.minecraft.server.MinecraftServer/]: Saving worlds
[16mag2026 14:30:11.031] [Server thread/INFO] [net.minecraft.server.MinecraftServer/]: Saving chunks for level 'ServerLevel[New World]'/minecraft:overworld
[16mag2026 14:30:11.098] [Server thread/INFO] [net.minecraft.server.MinecraftServer/]: Saving chunks for level 'ServerLevel[New World]'/minecraft:the_end
[16mag2026 14:30:11.105] [Server thread/INFO] [net.minecraft.server.MinecraftServer/]: Saving chunks for level 'ServerLevel[New World]'/minecraft:the_nether
[16mag2026 14:30:11.116] [Server thread/INFO] [net.minecraft.server.MinecraftServer/]: ThreadedAnvilChunkStorage (New World): All chunks are saved
[16mag2026 14:30:11.118] [Server thread/INFO] [net.minecraft.server.MinecraftServer/]: ThreadedAnvilChunkStorage (DIM1): All chunks are saved
[16mag2026 14:30:11.118] [Server thread/INFO] [net.minecraft.server.MinecraftServer/]: ThreadedAnvilChunkStorage (DIM-1): All chunks are saved
[16mag2026 14:30:11.118] [Server thread/INFO] [net.minecraft.server.MinecraftServer/]: ThreadedAnvilChunkStorage: All dimensions are saved
[16mag2026 14:30:11.873] [Render thread/INFO] [net.minecraft.client.Minecraft/]: Stopping!
