[16mag2026 02:56:16.381] [main/INFO] [cpw.mods.modlauncher.Launcher/MODLAUNCHER]: ModLauncher running: args [--launchTarget, forgeclientuserdev, --version, 21.1.80, --assetIndex, 17, --assetsDir, C:\\Users\\pesin\\.gradle\\caches\\neoformruntime\\assets, --gameDir, ., --fml.neoForgeVersion, 21.1.80, --fml.fmlVersion, 4.0.31, --fml.mcVersion, 1.21.1, --fml.neoFormVersion, 20240808.144430]
[16mag2026 02:56:16.386] [main/INFO] [cpw.mods.modlauncher.Launcher/MODLAUNCHER]: JVM identified as Oracle Corporation Java HotSpot(TM) 64-Bit Server VM 21.0.1+12-LTS-29
[16mag2026 02:56:16.387] [main/INFO] [cpw.mods.modlauncher.Launcher/MODLAUNCHER]: ModLauncher 11.0.4+main.d2e20e43 starting: java version 21.0.1 by Oracle Corporation; OS Windows 11 arch amd64 version 10.0
[16mag2026 02:56:16.551] [main/INFO] [net.neoforged.fml.loading.ImmediateWindowHandler/]: Loading ImmediateWindowProvider fmlearlywindow
[16mag2026 02:56:16.691] [main/INFO] [EARLYDISPLAY/]: Trying GL version 4.6
[16mag2026 02:56:16.792] [main/INFO] [EARLYDISPLAY/]: Requested GL version 4.6 got version 4.6
[16mag2026 02:56:16.945] [main/INFO] [mixin/]: SpongePowered MIXIN Subsystem Version=0.8.7 Source=union:/C:/Users/pesin/.gradle/caches/modules-2/files-2.1/net.fabricmc/sponge-mixin/0.15.2+mixin.0.8.7/2af2f021d8e02a0220dc27a7a72b4666d66d44ca/sponge-mixin-0.15.2+mixin.0.8.7.jar%23131!/ Service=ModLauncher Env=CLIENT
[16mag2026 02:56:17.128] [pool-2-thread-1/INFO] [EARLYDISPLAY/]: GL info: Intel(R) Iris(R) Xe Graphics GL version 4.6.0 - Build 30.0.101.2079, Intel
[16mag2026 02:56:17.369] [main/INFO] [net.neoforged.fml.loading.moddiscovery.locators.JarInJarDependencyLocator/]: Found 2 dependencies adding them to mods collection
[16mag2026 02:56:17.371] [main/INFO] [net.neoforged.fml.loading.moddiscovery.ModDiscoverer/]: 
     Mod List:
		Name Version (Mod Id)

		Bed Benefits 1.0.0 (bed_benefits)
		Minecraft 1.21.1 (minecraft)
		NeoForge 21.1.80 (neoforge)
[16mag2026 02:56:18.763] [main/INFO] [cpw.mods.modlauncher.LaunchServiceHandler/MODLAUNCHER]: Launching target 'forgeclientuserdev' with arguments [--version, 21.1.80, --gameDir, ., --assetsDir, C:\Users\pesin\.gradle\caches\neoformruntime\assets, --assetIndex, 17]
[16mag2026 02:56:21.036] [Datafixer Bootstrap/INFO] [com.mojang.datafixers.DataFixerBuilder/]: 229 Datafixer optimizations took 352 milliseconds
[16mag2026 02:56:21.335] [pool-7-thread-1/INFO] [MixinExtras|Service/]: Initializing MixinExtras via com.llamalad7.mixinextras.service.MixinExtrasServiceImpl(version=0.4.1).
[16mag2026 02:56:26.130] [main/WARN] [net.minecraft.commands.Commands/]: Ambiguity between arguments [teleport, location] and [teleport, destination] with inputs: [0.1 -0.5 .9, 0 0 0]
[16mag2026 02:56:26.132] [main/WARN] [net.minecraft.commands.Commands/]: Ambiguity between arguments [teleport, location] and [teleport, targets] with inputs: [0.1 -0.5 .9, 0 0 0]
[16mag2026 02:56:26.134] [main/WARN] [net.minecraft.commands.Commands/]: Ambiguity between arguments [teleport, destination] and [teleport, targets] with inputs: [Player, 0123, @e, dd12be42-52a9-4a91-a8a1-11c01849e498]
[16mag2026 02:56:26.135] [main/WARN] [net.minecraft.commands.Commands/]: Ambiguity between arguments [teleport, targets] and [teleport, destination] with inputs: [Player, 0123, dd12be42-52a9-4a91-a8a1-11c01849e498]
[16mag2026 02:56:26.135] [main/WARN] [net.minecraft.commands.Commands/]: Ambiguity between arguments [teleport, targets, location] and [teleport, targets, destination] with inputs: [0.1 -0.5 .9, 0 0 0]
[16mag2026 02:56:26.248] [Render thread/WARN] [net.minecraft.server.packs.VanillaPackResourcesBuilder/]: Assets URL 'union:/C:/Users/pesin/Documents/Java/Projects/Bed_Benefits-1.21.1/neoforge/build/moddev/artifacts/neoforge-21.1.80-minecraft.jar%23183!/assets/.mcassetsroot' uses unexpected schema
[16mag2026 02:56:26.249] [Render thread/WARN] [net.minecraft.server.packs.VanillaPackResourcesBuilder/]: Assets URL 'union:/C:/Users/pesin/Documents/Java/Projects/Bed_Benefits-1.21.1/neoforge/build/moddev/artifacts/neoforge-21.1.80-minecraft.jar%23183!/data/.mcassetsroot' uses unexpected schema
[16mag2026 02:56:26.293] [Render thread/INFO] [com.mojang.authlib.yggdrasil.YggdrasilAuthenticationService/]: Environment: Environment[sessionHost=https://sessionserver.mojang.com, servicesHost=https://api.minecraftservices.com, name=PROD]
[16mag2026 02:56:26.302] [Render thread/INFO] [net.minecraft.client.Minecraft/]: Setting user: Dev
[16mag2026 02:56:26.371] [Render thread/INFO] [net.minecraft.client.Minecraft/]: Backend library: LWJGL version 3.3.3+5
[16mag2026 02:56:26.613] [modloading-worker-0/INFO] [Bed Benefits/]: Loaded config file.
[16mag2026 02:56:26.616] [modloading-worker-0/INFO] [Bed Benefits/]: Saved config file.
[16mag2026 02:56:26.643] [modloading-worker-0/INFO] [net.neoforged.neoforge.common.NeoForgeMod/NEOFORGE-MOD]: NeoForge mod loading, version 21.1.80, for MC 1.21.1
[16mag2026 02:56:27.261] [Render thread/INFO] [net.neoforged.neoforge.gametest.GameTestHooks/]: Enabled Gametest Namespaces: [bed_benefits]
[16mag2026 02:56:27.444] [Render thread/INFO] [net.minecraft.server.packs.resources.ReloadableResourceManager/]: Reloading ResourceManager: vanilla, mod_resources, mod/bed_benefits, mod/neoforge
[16mag2026 02:56:27.626] [Worker-Main-11/INFO] [net.minecraft.client.gui.font.providers.UnihexProvider/]: Found unifont_jp_patch-15.1.05.hex, loading
[16mag2026 02:56:27.626] [Worker-Main-1/INFO] [net.minecraft.client.gui.font.providers.UnihexProvider/]: Found unifont_all_no_pua-15.1.05.hex, loading
[16mag2026 02:56:29.070] [Render thread/WARN] [net.minecraft.client.sounds.SoundEngine/]: Missing sound for event: minecraft:item.goat_horn.play
[16mag2026 02:56:29.070] [Render thread/WARN] [net.minecraft.client.sounds.SoundEngine/]: Missing sound for event: minecraft:entity.goat.screaming.horn_break
[16mag2026 02:56:29.505] [Render thread/INFO] [com.mojang.blaze3d.audio.Library/]: OpenAL initialized on device OpenAL Soft on Altoparlanti (Realtek(R) Audio)
[16mag2026 02:56:29.506] [Render thread/INFO] [net.minecraft.client.sounds.SoundEngine/SOUNDS]: Sound engine started
[16mag2026 02:56:29.589] [Render thread/INFO] [net.minecraft.client.renderer.texture.TextureAtlas/]: Created: 1024x512x4 minecraft:textures/atlas/blocks.png-atlas
[16mag2026 02:56:30.077] [Render thread/INFO] [net.minecraft.client.renderer.texture.TextureAtlas/]: Created: 256x256x4 minecraft:textures/atlas/signs.png-atlas
[16mag2026 02:56:30.105] [Render thread/INFO] [net.minecraft.client.renderer.texture.TextureAtlas/]: Created: 512x512x4 minecraft:textures/atlas/shield_patterns.png-atlas
[16mag2026 02:56:30.161] [Render thread/INFO] [net.minecraft.client.renderer.texture.TextureAtlas/]: Created: 512x512x4 minecraft:textures/atlas/banner_patterns.png-atlas
[16mag2026 02:56:30.222] [Render thread/INFO] [net.minecraft.client.renderer.texture.TextureAtlas/]: Created: 1024x1024x4 minecraft:textures/atlas/armor_trims.png-atlas
[16mag2026 02:56:31.026] [Render thread/INFO] [net.minecraft.client.renderer.texture.TextureAtlas/]: Created: 256x256x4 minecraft:textures/atlas/chest.png-atlas
[16mag2026 02:56:31.047] [Render thread/INFO] [net.minecraft.client.renderer.texture.TextureAtlas/]: Created: 128x64x4 minecraft:textures/atlas/decorated_pot.png-atlas
[16mag2026 02:56:31.102] [Render thread/INFO] [net.minecraft.client.renderer.texture.TextureAtlas/]: Created: 512x256x4 minecraft:textures/atlas/beds.png-atlas
[16mag2026 02:56:31.135] [Render thread/INFO] [net.minecraft.client.renderer.texture.TextureAtlas/]: Created: 512x256x4 minecraft:textures/atlas/shulker_boxes.png-atlas
[16mag2026 02:56:31.346] [Render thread/INFO] [net.minecraft.client.renderer.texture.TextureAtlas/]: Created: 512x256x0 minecraft:textures/atlas/particles.png-atlas
[16mag2026 02:56:31.476] [Render thread/INFO] [net.minecraft.client.renderer.texture.TextureAtlas/]: Created: 512x256x0 minecraft:textures/atlas/paintings.png-atlas
[16mag2026 02:56:31.477] [Render thread/INFO] [net.minecraft.client.renderer.texture.TextureAtlas/]: Created: 256x128x0 minecraft:textures/atlas/mob_effects.png-atlas
[16mag2026 02:56:31.479] [Render thread/INFO] [net.minecraft.client.renderer.texture.TextureAtlas/]: Created: 64x64x0 minecraft:textures/atlas/map_decorations.png-atlas
[16mag2026 02:56:31.480] [Render thread/INFO] [net.minecraft.client.renderer.texture.TextureAtlas/]: Created: 1024x512x0 minecraft:textures/atlas/gui.png-atlas
[16mag2026 02:56:31.801] [Render thread/WARN] [net.minecraft.client.renderer.ShaderInstance/]: Shader rendertype_entity_translucent_emissive could not find sampler named Sampler2 in the specified shader program.
[16mag2026 02:56:32.425] [Render thread/INFO] [net.neoforged.neoforge.client.entity.animation.json.AnimationLoader/]: Loaded 0 entity animations
[16mag2026 02:56:37.096] [Render thread/INFO] [net.minecraft.world.item.crafting.RecipeManager/]: Loaded 1290 recipes
[16mag2026 02:56:37.365] [Render thread/INFO] [net.minecraft.advancements.AdvancementTree/]: Loaded 1399 advancements
[16mag2026 02:56:37.748] [Server thread/INFO] [net.minecraft.client.server.IntegratedServer/]: Starting integrated minecraft server version 1.21.1
[16mag2026 02:56:37.748] [Server thread/INFO] [net.minecraft.server.MinecraftServer/]: Generating keypair
[16mag2026 02:56:38.620] [Server thread/INFO] [net.minecraft.server.MinecraftServer/]: Preparing start region for dimension minecraft:overworld
[16mag2026 02:56:38.939] [progressListener/INFO] [net.minecraft.server.level.progress.LoggerChunkProgressListener/]: Preparing spawn area: 0%
[16mag2026 02:56:39.095] [Server thread/INFO] [net.neoforged.neoforge.server.permission.PermissionAPI/]: Successfully initialized permission handler neoforge:default_handler
[16mag2026 02:56:39.107] [progressListener/INFO] [net.minecraft.server.level.progress.LoggerChunkProgressListener/]: Time elapsed: 479 ms
[16mag2026 02:56:39.163] [Server thread/INFO] [net.minecraft.client.server.IntegratedServer/]: Changing view distance to 12, from 10
[16mag2026 02:56:39.163] [Server thread/INFO] [net.minecraft.client.server.IntegratedServer/]: Changing simulation distance to 12, from 0
[16mag2026 02:56:40.219] [Server thread/INFO] [net.minecraft.server.players.PlayerList/]: Dev[local:E:dc400beb] logged in with entity id 86 at (-113.5, 63.0, -63.5)
[16mag2026 02:56:40.300] [Server thread/INFO] [net.minecraft.server.MinecraftServer/]: Dev joined the game
[16mag2026 02:56:40.473] [Render thread/INFO] [net.minecraft.advancements.AdvancementTree/]: Loaded 27 advancements
[16mag2026 02:56:59.329] [Server thread/INFO] [net.minecraft.server.MinecraftServer/]: [Dev: Applied effect Hunger to Dev]
[16mag2026 02:56:59.341] [Render thread/INFO] [net.minecraft.client.gui.components.ChatComponent/]: [System] [CHAT] Applied effect Hunger to Dev
[16mag2026 02:57:02.663] [Server thread/INFO] [net.minecraft.server.MinecraftServer/]: [Dev: Set the time to 13000]
[16mag2026 02:57:02.666] [Render thread/INFO] [net.minecraft.client.gui.components.ChatComponent/]: [System] [CHAT] Set the time to 13000
[16mag2026 02:57:09.998] [Server thread/INFO] [net.minecraft.client.server.IntegratedServer/]: Saving and pausing game...
[16mag2026 02:57:10.024] [Server thread/INFO] [net.minecraft.server.MinecraftServer/]: Saving chunks for level 'ServerLevel[New World]'/minecraft:overworld
[16mag2026 02:57:10.051] [Server thread/INFO] [net.minecraft.server.MinecraftServer/]: Saving chunks for level 'ServerLevel[New World]'/minecraft:the_end
[16mag2026 02:57:10.064] [Server thread/INFO] [net.minecraft.server.MinecraftServer/]: Saving chunks for level 'ServerLevel[New World]'/minecraft:the_nether
